Microchip MPLAB XC8 Compiler V2.41

Linker command line:

-W-3 \
  --edf=C:\Program Files\Microchip\xc8\v2.41\pic\dat\20230208172133_en.msgs \
  -cn -h+dist/default/production\_7seg.X.production.sym \
  --cmf=dist/default/production\_7seg.X.production.cmf -z -Q16F877A \
  -oC:\Users\FAHYMA~1\AppData\Local\Temp\xcAsa30.\driver_tmp_3.o \
  --defsym=__MPLAB_BUILD=1 --fixupoverflow=error \
  -Mdist/default/production/_7seg.X.production.map \
  --md=C:\Users\FAHYMA~1\AppData\Local\Temp\xcAsa30.\driver_tmp_0.dat -E1 \
  -ver=XC8 Compiler --acfsm=1493 -ACODE=00h-07FFhx4 -ASTRCODE=00h-01FFFh \
  -ASTRING=00h-0FFhx32 -ACONST=00h-0FFhx32 -AENTRY=00h-0FFhx32 \
  -ACOMMON=070h-07Fh -ABANK0=020h-06Fh -ABANK1=0A0h-0EFh \
  -ABANK2=0110h-016Fh -ABANK3=0190h-01EFh \
  -ARAM=020h-06Fh,0A0h-0EFh,0110h-016Fh,0190h-01EFh \
  -AABS1=020h-07Fh,0A0h-0EFh,0110h-016Fh,0190h-01EFh -ASFR0=00h-01Fh \
  -ASFR1=080h-09Fh -ASFR2=0100h-010Fh -ASFR3=0180h-018Fh \
  -ACONFIG=02007h-02007h -DCONFIG=2 -AIDLOC=02000h-02003h -DIDLOC=2 \
  -AEEDATA=00h-0FFh/02100h -peeprom_data=EEDATA -DEEDATA=2 -DCODE=2 \
  -DSTRCODE=2 -DSTRING=2 -DCONST=2 -DENTRY=2 \
  -preset_vec=00h,intentry,init,end_init -ppowerup=CODE -pcinit=CODE \
  -pfunctab=ENTRY -k \
  C:\Users\FAHYMA~1\AppData\Local\Temp\xcAsa30.\driver_tmp_13.o \
  dist/default/production\_7seg.X.production.o 

Object code version is 3.11

Machine type is 16F877A



                Name                               Link     Load   Length Selector   Space Scale
C:\Users\FAHYMA~1\AppData\Local\Temp\xcAsa30.\driver_tmp_13.o
                end_init                              0        0        3        0       0
                config                             2007     2007        1        0       4
                idloc                              2000     2000        4        0       5
dist/default/production\_7seg.X.production.o
                cinit                               7EB      7EB       15      FD6       0
                config                             2007     2007        1        0       4
                idloc                              2000     2000        4        0       5
                text7                               711      711       67      E22       0
                text6                               6B8      6B8       59      D70       0
                text5                               621      621       44      C42       0
                text4                               5E7      5E7       3A      BCE       0
                text3                               778      778       73      EF0       0
                text2                               5A8      5A8        9      B50       0
                text1                               5D0      5D0       17      BA0       0
                maintext                            665      665       53      CCA       0
                cstackCOMMON                         70       70        E       70       1
                inittext                            5BD      5BD       13      B7A       0
                dataBANK0                            20       20        C       20       1
                bssBANK0                             32       32        3       20       1
                nvBANK0                              2C       2C        6       20       1
                idataBANK0                          5B1      5B1        C      B62       0

TOTAL           Name                               Link     Load   Length     Space
        CLASS   CODE           
                end_init                              0        0        3         0
                cinit                               7EB      7EB       15         0
                text7                               711      711       67         0
                text6                               6B8      6B8       59         0
                text5                               621      621       44         0
                text4                               5E7      5E7       3A         0
                text3                               778      778       73         0
                text2                               5A8      5A8        9         0
                text1                               5D0      5D0       17         0
                maintext                            665      665       53         0
                inittext                            5BD      5BD       13         0
                idataBANK0                          5B1      5B1        C         0

        CLASS   STRCODE        

        CLASS   STRING         

        CLASS   CONST          

        CLASS   ENTRY          

        CLASS   COMMON         
                cstackCOMMON                         70       70        E         1

        CLASS   BANK0          
                dataBANK0                            20       20        C         1
                bssBANK0                             32       32        3         1
                nvBANK0                              2C       2C        6         1

        CLASS   BANK1          

        CLASS   BANK2          

        CLASS   BANK3          

        CLASS   RAM            

        CLASS   ABS1           
                abs_s1                               7E       7E        2         1

        CLASS   SFR0           

        CLASS   SFR1           

        CLASS   SFR2           

        CLASS   SFR3           

        CLASS   CONFIG         
                config                             2007     2007        1         4

        CLASS   IDLOC          
                idloc                              2000     2000        4         5

        CLASS   EEDATA         

        CLASS   STACK          



SEGMENTS        Name                           Load    Length   Top    Selector   Space  Class     Delta

                reset_vec                      000000  000003  000003         0       0  CODE        2
                dataBANK0                      000020  000015  000035        20       1  BANK0       1
                cstackCOMMON                   000070  00000E  00007E        70       1  COMMON      1
                text2                          0005A8  000009  0005B1       B50       0  CODE        2
                idataBANK0                     0005B1  00000C  0005BD       B62       0  CODE        2
                inittext                       0005BD  000013  0005D0       B7A       0  CODE        2
                text1                          0005D0  000017  0005E7       BA0       0  CODE        2
                text4                          0005E7  00003A  000621       BCE       0  CODE        2
                text5                          000621  000044  000665       C42       0  CODE        2
                maintext                       000665  000053  0006B8       CCA       0  CODE        2
                text6                          0006B8  000059  000711       D70       0  CODE        2
                text7                          000711  000067  000778       E22       0  CODE        2
                text3                          000778  000073  0007EB       EF0       0  CODE        2
                cinit                          0007EB  000015  000800       FD6       0  CODE        2


UNUSED ADDRESS RANGES

        Name                Unused          Largest block    Delta
        BANK0            0035-006F             3B           1
        BANK1            00A0-00EF             50           1
        BANK2            0110-016F             60           1
        BANK3            0190-01EF             60           1
        CODE             0003-05A7            5A5           2
                         0800-1FFF            800
        CONST            0003-05A7            100           2
                         0800-1FFF            100
        EEDATA           2100-21FF            100           2
        ENTRY            0003-05A7            100           2
                         0800-1FFF            100
        RAM              0035-006F             3B           1
                         00A0-00EF             50
                         0110-016F             60
                         0190-01EF             60
        SFR0             0000-001F             20           1
        SFR1             0080-009F             20           1
        SFR2             0100-010F             10           1
        SFR3             0180-018F             10           1
        STRCODE          0003-05A7            5A5           2
                         0800-1FFF           1800
        STRING           0003-05A7            100           2
                         0800-1FFF            100

                                  Symbol Table

?___awdiv                cstackCOMMON 0070
?___awmod                cstackCOMMON 0070
?___lwdiv                cstackCOMMON 0070
?___lwmod                cstackCOMMON 0070
_L                       nvBANK0      002E
_Ld                      nvBANK0      002D
_Lu                      nvBANK0      002C
_PORTB                   (abs)        0006
_PORTC                   (abs)        0007
_PORTCbits               (abs)        0007
_R                       nvBANK0      0031
_Rd                      nvBANK0      0030
_Ru                      nvBANK0      002F
_TRISB                   (abs)        0086
_TRISC                   (abs)        0087
__H__absolute__          __absolute__ 0000
__Habs1                  abs1         0000
__Hbank0                 bank0        0000
__Hbank1                 bank1        0000
__Hbank2                 bank2        0000
__Hbank3                 bank3        0000
__HbssBANK0              bssBANK0     0000
__Hcinit                 cinit        0800
__Hclrtext               clrtext      0000
__Hcode                  code         0000
__Hcommon                common       0000
__Hconfig                config       2008
__HcstackCOMMON          cstackCOMMON 0000
__HdataBANK0             dataBANK0    0000
__Heeprom_data           eeprom_data  0000
__Hend_init              end_init     0003
__Hfunctab               functab      0000
__HidataBANK0            idataBANK0   0000
__Hidloc                 idloc        2004
__Hinit                  init         0000
__Hinittext              inittext     0000
__Hintentry              intentry     0000
__Hmaintext              maintext     0000
__HnvBANK0               nvBANK0      0000
__Hpowerup               powerup      0000
__Hram                   ram          0000
__Hreset_vec             reset_vec    0000
__Hsfr0                  sfr0         0000
__Hsfr1                  sfr1         0000
__Hsfr2                  sfr2         0000
__Hsfr3                  sfr3         0000
__Hspace_0               (abs)        0800
__Hspace_1               (abs)        007E
__Hspace_2               (abs)        0000
__Hspace_3               (abs)        0000
__Hspace_4               (abs)        400F
__Hstack                 stack        0000
__Hstrings               strings      0000
__Htext                  text         0000
__L__absolute__          __absolute__ 0000
__Labs1                  abs1         0000
__Lbank0                 bank0        0000
__Lbank1                 bank1        0000
__Lbank2                 bank2        0000
__Lbank3                 bank3        0000
__LbssBANK0              bssBANK0     0000
__Lcinit                 cinit        07EB
__Lclrtext               clrtext      0000
__Lcode                  code         0000
__Lcommon                common       0000
__Lconfig                config       0000
__LcstackCOMMON          cstackCOMMON 0000
__LdataBANK0             dataBANK0    0000
__Leeprom_data           eeprom_data  0000
__Lend_init              end_init     0000
__Lfunctab               functab      0000
__LidataBANK0            idataBANK0   0000
__Lidloc                 idloc        0000
__Linit                  init         0000
__Linittext              inittext     0000
__Lintentry              intentry     0000
__Lmaintext              maintext     0000
__LnvBANK0               nvBANK0      0000
__Lpowerup               powerup      0000
__Lram                   ram          0000
__Lreset_vec             reset_vec    0000
__Lsfr0                  sfr0         0000
__Lsfr1                  sfr1         0000
__Lsfr2                  sfr2         0000
__Lsfr3                  sfr3         0000
__Lspace_0               (abs)        0000
__Lspace_1               (abs)        0000
__Lspace_2               (abs)        0000
__Lspace_3               (abs)        0000
__Lspace_4               (abs)        0000
__Lstack                 stack        0000
__Lstrings               strings      0000
__Ltext                  text         0000
__S0                     (abs)        0800
__S1                     (abs)        007E
__S3                     (abs)        0000
___awdiv                 text7        0711
___awdiv@counter         cstackCOMMON 0074
___awdiv@dividend        cstackCOMMON 0072
___awdiv@divisor         cstackCOMMON 0070
___awdiv@quotient        cstackCOMMON 0076
___awdiv@sign            cstackCOMMON 0075
___awmod                 text6        06B8
___awmod@counter         cstackCOMMON 0074
___awmod@dividend        cstackCOMMON 0072
___awmod@divisor         cstackCOMMON 0070
___awmod@sign            cstackCOMMON 0075
___int_sp                stack        0000
___latbits               (abs)        0002
___lwdiv                 text5        0621
___lwdiv@counter         cstackCOMMON 0076
___lwdiv@dividend        cstackCOMMON 0072
___lwdiv@divisor         cstackCOMMON 0070
___lwdiv@quotient        cstackCOMMON 0074
___lwmod                 text4        05E7
___lwmod@counter         cstackCOMMON 0074
___lwmod@dividend        cstackCOMMON 0072
___lwmod@divisor         cstackCOMMON 0070
___sp                    stack        0000
___stackhi               (abs)        0000
___stacklo               (abs)        0000
__end_of___awdiv         text7        0778
__end_of___awmod         text6        0711
__end_of___lwdiv         text5        0665
__end_of___lwmod         text4        0621
__end_of__initialization cinit        07FC
__end_of_display_Seg     text3        07EB
__end_of_int_Port        text2        05B1
__end_of_main            maintext     06B8
__end_of_select_Seg      text1        05E7
__initialization         cinit        07EB
__pbssBANK0              bssBANK0     0032
__pcstackCOMMON          cstackCOMMON 0070
__pdataBANK0             dataBANK0    0020
__pidataBANK0            idataBANK0   05B1
__pmaintext              maintext     0665
__pnvBANK0               nvBANK0      002C
__ptext1                 text1        05D0
__ptext2                 text2        05A8
__ptext3                 text3        0778
__ptext4                 text4        05E7
__ptext5                 text5        0621
__ptext6                 text6        06B8
__ptext7                 text7        0711
_display_Seg             text3        0778
_int_Port                text2        05A8
_main                    maintext     0665
_segment                 dataBANK0    0020
_select_Seg              text1        05D0
btemp                    (abs)        007E
display_Seg@a            cstackCOMMON 0078
end_of_initialization    cinit        07FC
init_fetch0              inittext     05BD
init_ram0                inittext     05C1
intlevel0                functab      0000
intlevel1                functab      0000
intlevel2                functab      0000
intlevel3                functab      0000
intlevel4                functab      0000
intlevel5                functab      0000
reset_vec                reset_vec    0000
select_Seg@rc0           cstackCOMMON 0070
select_Seg@rc1           cstackCOMMON 0072
select_Seg@rc2           cstackCOMMON 0074
select_Seg@rc3           cstackCOMMON 0076
start                    init         0000
start_initialization     cinit        07EB
wtemp0                   (abs)        007E


MODULE INFORMATION

Module		Function		Class		Link	Load	Size
C:\Program Files\Microchip\xc8\v2.41\pic\sources\c90\common\lwdiv.c
		___lwdiv       		CODE           	0621	0000	68

C:\Program Files\Microchip\xc8\v2.41\pic\sources\c90\common\lwdiv.c estimated size: 68

C:\Program Files\Microchip\xc8\v2.41\pic\sources\c90\common\awdiv.c
		___awdiv       		CODE           	0711	0000	103

C:\Program Files\Microchip\xc8\v2.41\pic\sources\c90\common\awdiv.c estimated size: 103

shared
		__initialization		CODE           	07EB	0000	17

shared estimated size: 17

C:\Program Files\Microchip\xc8\v2.41\pic\sources\c90\common\lwmod.c
		___lwmod       		CODE           	05E7	0000	58

C:\Program Files\Microchip\xc8\v2.41\pic\sources\c90\common\lwmod.c estimated size: 58

C:\Program Files\Microchip\xc8\v2.41\pic\sources\c90\common\awmod.c
		___awmod       		CODE           	06B8	0000	89

C:\Program Files\Microchip\xc8\v2.41\pic\sources\c90\common\awmod.c estimated size: 89

main.c
		_int_Port      		CODE           	05A8	0000	9
		_select_Seg    		CODE           	05D0	0000	23
		_display_Seg   		CODE           	0778	0000	115
		_main          		CODE           	0665	0000	83

main.c estimated size: 230

